// Jest Snapshot v1, https://goo.gl/fbAQLP

exports[`SiteProfileSelector renders properly with no profiles 1`] = `
<div
  profiles=""
  props="[object Object]"
>
  <div
    class="gl-mb-4"
  >
    <h4
      class="gl-mb-2 gl-mt-0 gl-text-lg"
    >
      Site profile
    </h4>
    <p>
      <gl-sprintf-stub
        message="A site profile defines the attributes and configuration details of your deployed application, website, or API. %{linkStart}Learn more%{linkEnd}."
      />
    </p>
  </div>
  <div
    class="gl-mb-4"
  >
    <div
      class="gl-bg-subtle gl-flex gl-flex-col gl-items-center gl-mb-5 gl-p-6 gl-rounded-small gl-text-center"
    >
      <h5
        class="gl-h5 gl-mb-2 gl-mt-0 gl-text-subtle"
      >
        No site profile selected
      </h5>
      <span
        class="gl-text-subtle"
      >
        Select a site profile to run a DAST scan
      </span>
    </div>
  </div>
  <gl-button-stub
    buttontextclasses=""
    category="secondary"
    data-testid="select-profile-action-btn"
    icon=""
    size="medium"
    tag="button"
    type="button"
    variant="confirm"
  >
    Select site profile
  </gl-button-stub>
</div>
`;

exports[`SiteProfileSelector renders properly with profiles 1`] = `
<div
  profiles=""
  props="[object Object]"
>
  <div
    class="gl-mb-4"
  >
    <h4
      class="gl-mb-2 gl-mt-0 gl-text-lg"
    >
      Site profile
    </h4>
    <p>
      <gl-sprintf-stub
        message="A site profile defines the attributes and configuration details of your deployed application, website, or API. %{linkStart}Learn more%{linkEnd}."
      />
    </p>
  </div>
  <div
    class="gl-mb-4"
  >
    <div
      class="gl-bg-subtle gl-flex gl-flex-col gl-items-center gl-mb-5 gl-p-6 gl-rounded-small gl-text-center"
    >
      <h5
        class="gl-h5 gl-mb-2 gl-mt-0 gl-text-subtle"
      >
        No site profile selected
      </h5>
      <span
        class="gl-text-subtle"
      >
        Select a site profile to run a DAST scan
      </span>
    </div>
  </div>
  <gl-button-stub
    buttontextclasses=""
    category="secondary"
    data-testid="select-profile-action-btn"
    icon=""
    size="medium"
    tag="button"
    type="button"
    variant="confirm"
  >
    Select site profile
  </gl-button-stub>
</div>
`;
