// Jest Snapshot v1, https://goo.gl/fbAQLP

exports[`ChartTooltipText with no tooltipValue data renders the tooltip empty state text 1`] = `
<div>
  This is empty
</div>
`;

exports[`ChartTooltipText with tooltipValue data renders the tooltip 1`] = `
<div>
  <div
    class="gl-flex gl-flex-col"
  >
    <div
      class="gl-flex gl-justify-between"
    >
      <div
        class="gl-mr-5"
      >
        Cool tip
      </div>
      <div
        class="gl-font-bold"
        data-testid="tooltip-value"
      >
        10
      </div>
    </div>
  </div>
</div>
`;
