// Jest Snapshot v1, https://goo.gl/fbAQLP

exports[`Status Page settings form default state should match the default snapshot 1`] = `
<section
  class="js-status-page-settings no-animate settings vue-settings-block"
  id="reference-0"
>
  <div
    class="gl-flex gl-gap-x-3 gl-items-start gl-justify-between"
  >
    <div
      class="-gl-mr-3 gl-px-2 gl-py-0 gl-shrink-0 sm:gl-mr-0 sm:gl-p-2"
    >
      <gl-button-stub
        aria-controls="reference-0"
        aria-expanded="false"
        aria-label="Expand Status page"
        buttontextclasses=""
        category="tertiary"
        class="!gl-px-0 gl-shrink-0 settings-toggle"
        data-testid="settings-block-toggle"
        icon=""
        size="small"
        tag="button"
        type="button"
        variant="default"
      >
        <gl-animated-chevron-lg-right-down-icon-stub
          variant="default"
        />
        <div
          class="gl-sr-only"
        >
          Expand
        </div>
      </gl-button-stub>
    </div>
    <div
      class="gl-grow"
    >
      <button
        aria-controls="reference-0"
        aria-expanded="false"
        class="gl-bg-transparent gl-border-0 gl-p-0 gl-text-left gl-w-full"
        data-testid="settings-block-title"
        tabindex="-1"
        type="button"
      >
        <h2
          class="!gl-mb-2 gl-heading-2"
          data-settings-block-title=""
        >
          Status page
        </h2>
      </button>
      <p
        class="gl-m-0 gl-text-subtle"
      >
        <span>
          Configure file storage settings to link issues in this project to an external status page.
        </span>
      </p>
    </div>
  </div>
  <gl-collapse-stub
    data-testid="settings-block-content"
    id="reference-1"
    tag="div"
  >
    <div
      class="gl-pl-7 gl-pt-5 sm:gl-pl-8"
    >
      <p>
        <gl-sprintf-stub
          message="To publish incidents to an external status page, GitLab stores a JSON file in your Amazon S3 account at a location that your external status page service can access. Make sure to also set up %{docsLink}"
        />
      </p>
      <form>
        <gl-form-group-stub
          class="gl-pl-0 mb-3"
          labeldescription=""
          optionaltext="(optional)"
        >
          <gl-form-checkbox-stub
            id="reference-2"
          >
            <span
              class="gl-font-bold"
            >
              Active
            </span>
          </gl-form-checkbox-stub>
        </gl-form-group-stub>
        <gl-form-group-stub
          class="col-8 col-md-9 gl-pl-0 mb-3"
          label="Status page URL"
          label-for="status-page-url"
          label-size="sm"
          labeldescription=""
          optionaltext="(optional)"
        >
          <gl-form-input-stub
            id="reference-3"
            type="text"
            value=""
          />
          <p
            class="form-text gl-text-subtle"
          >
            <gl-link-stub
              href="/help/operations/incident_management/status_page#configure-gitlab-with-cloud-provider-information"
              target="_blank"
            >
              Configuration help
            </gl-link-stub>
          </p>
        </gl-form-group-stub>
        <gl-form-group-stub
          class="col-8 col-md-9 gl-pl-0 mb-3"
          label="S3 Bucket name"
          label-for="status-page-s3-bucket-name"
          label-size="sm"
          labeldescription=""
          optionaltext="(optional)"
        >
          <gl-form-input-stub
            id="reference-4"
            type="text"
            value=""
          />
          <p
            class="form-text gl-text-subtle"
          >
            <gl-sprintf-stub
              message="Bucket %{docsLink}"
            />
          </p>
        </gl-form-group-stub>
        <gl-form-group-stub
          class="col-8 col-md-9 gl-pl-0 mb-3"
          label="AWS region"
          label-for="status-page-aws-region"
          label-size="sm"
          labeldescription=""
          optionaltext="(optional)"
        >
          <gl-form-input-stub
            id="reference-5"
            placeholder="example: us-west-2"
            type="text"
            value=""
          />
          <p
            class="form-text gl-text-subtle"
          >
            <gl-sprintf-stub
              message="AWS %{docsLink}"
            />
          </p>
        </gl-form-group-stub>
        <gl-form-group-stub
          class="col-8 col-md-9 gl-pl-0 mb-3"
          label="AWS access key ID"
          label-for="status-page-aws-access-key"
          label-size="sm"
          labeldescription=""
          optionaltext="(optional)"
        >
          <gl-form-input-stub
            id="reference-6"
            type="text"
            value=""
          />
        </gl-form-group-stub>
        <gl-form-group-stub
          class="col-8 col-md-9 gl-pl-0 mb-3"
          label="AWS Secret access key"
          label-for="status-page-aws-secret-access-key"
          label-size="sm"
          labeldescription=""
          optionaltext="(optional)"
        >
          <gl-form-input-stub
            id="reference-7"
            type="text"
            value=""
          />
        </gl-form-group-stub>
        <gl-button-stub
          buttontextclasses=""
          category="primary"
          class="js-no-auto-disable"
          icon=""
          size="medium"
          tag="button"
          type="submit"
          variant="confirm"
        >
          Save changes
        </gl-button-stub>
      </form>
    </div>
  </gl-collapse-stub>
</section>
`;
