// Jest Snapshot v1, https://goo.gl/fbAQLP

exports[`Test coverage table component when group code coverage is available renders area chart with correct data 1`] = `
[
  {
    "data": [
      [
        "2020-01-10",
        77.9,
      ],
      [
        "2020-01-11",
        78.7,
      ],
      [
        "2020-01-12",
        79.6,
      ],
    ],
    "name": "test",
  },
]
`;
