// Jest Snapshot v1, https://goo.gl/fbAQLP

exports[`FindingsDrawer General Rendering matches the snapshot with detected badge 1`] = `
<transition-stub
  class="findings-drawer"
  name="gl-drawer"
>
  <aside
    class="gl-drawer gl-drawer-default"
    style="top: 0px; z-index: 252;"
  >
    <div
      class="gl-drawer-header"
    >
      <div
        class="gl-drawer-title"
      >
        <h2
          class="drawer-heading gl-mb-0 gl-mt-0 gl-text-base gl-w-28"
        >
          <svg
            aria-hidden="true"
            class="!gl-align-baseline gl-fill-current gl-icon gl-text-orange-300 inline-findings-severity-icon s12"
            data-testid="severity-low-icon"
            role="img"
          >
            <use
              href="file-mock#severity-low"
            />
          </svg>
          <span
            class="drawer-heading-severity"
          >
            low
          </span>
          SAST Finding
        </h2>
        <button
          aria-label="Close drawer"
          class="btn btn-default btn-default-tertiary btn-icon btn-sm gl-button gl-drawer-close-button"
          type="button"
        >
          <svg
            aria-hidden="true"
            class="gl-button-icon gl-fill-current gl-icon s16"
            data-testid="close-icon"
            role="img"
          >
            <use
              href="file-mock#close"
            />
          </svg>
        </button>
      </div>
    </div>
    <div
      class="gl-drawer-body gl-drawer-body-scrim"
    >
      <ul
        class="!gl-pb-0 gl-border-b-initial gl-list-none gl-mb-0"
        data-testid="drawer-container"
      >
        <li
          class="gl-mb-4"
          data-testid="findings-drawer-title"
        >
          <p
            class="gl-leading-20"
          >
            <span
              class="gl-block gl-font-bold gl-mb-1"
              data-testid="findings-drawer-item-description"
            >
              Name
            </span>
            <span
              data-testid="findings-drawer-item-value-prop"
            >
              mockedtitle
            </span>
          </p>
        </li>
        <li
          class="gl-mb-4"
        >
          <p
            class="gl-leading-20"
          >
            <span
              class="gl-block gl-font-bold gl-mb-1"
              data-testid="findings-drawer-item-description"
            >
              Status
            </span>
            <span
              class="badge badge-pill badge-warning gl-badge text-capitalize"
            >
              <span
                class="gl-badge-content"
              >
                detected
              </span>
            </span>
          </p>
        </li>
        <li
          class="gl-mb-4"
        >
          <p
            class="gl-leading-20"
          >
            <span
              class="gl-block gl-font-bold gl-mb-1"
              data-testid="findings-drawer-item-description"
            >
              Description
            </span>
            <span
              data-testid="findings-drawer-item-value-prop"
            >
              fakedesc
            </span>
          </p>
        </li>
        <li
          class="gl-mb-4"
        >
          <p
            class="gl-leading-20"
          >
            <span
              class="gl-block gl-font-bold gl-mb-1"
              data-testid="findings-drawer-item-description"
            >
              Project
            </span>
            <a
              class="gl-link"
              href="/testpath"
            >
              testname
            </a>
          </p>
        </li>
        <li
          class="gl-mb-4"
        >
          <p
            class="gl-leading-20"
          >
            <span
              class="gl-block gl-font-bold gl-mb-1"
              data-testid="findings-drawer-item-description"
            >
              File
            </span>
            <span
              data-testid="findings-drawer-item-value-prop"
            />
          </p>
        </li>
        <li
          class="gl-mb-4"
        >
          <p
            class="gl-leading-20"
          >
            <span
              class="gl-block gl-font-bold gl-mb-1"
              data-testid="findings-drawer-item-description"
            >
              Identifiers
            </span>
            <span>
              <a
                class="gl-link"
                href="https://semgrep.dev/r/gitlab.eslint.detect-disable-mustache-escape"
              >
                eslint.detect-disable-mustache-escape
              </a>
            </span>
          </p>
        </li>
        <li
          class="gl-mb-4"
        >
          <p
            class="gl-leading-20"
          >
            <span
              class="gl-block gl-font-bold gl-mb-1"
              data-testid="findings-drawer-item-description"
            >
              Tool
            </span>
            <span
              data-testid="findings-drawer-item-value-prop"
            >
              SAST
            </span>
          </p>
        </li>
        <li
          class="gl-mb-4"
        >
          <p
            class="gl-leading-20"
          >
            <span
              class="gl-block gl-font-bold gl-mb-1"
              data-testid="findings-drawer-item-description"
            >
              Engine
            </span>
            <span
              data-testid="findings-drawer-item-value-prop"
            >
              testengine name
            </span>
          </p>
        </li>
      </ul>
    </div>
  </aside>
</transition-stub>
`;

exports[`FindingsDrawer General Rendering matches the snapshot with dismissed badge 1`] = `
<transition-stub
  class="findings-drawer"
  name="gl-drawer"
>
  <aside
    class="gl-drawer gl-drawer-default"
    style="top: 0px; z-index: 252;"
  >
    <div
      class="gl-drawer-header"
    >
      <div
        class="gl-drawer-title"
      >
        <h2
          class="drawer-heading gl-mb-0 gl-mt-0 gl-text-base gl-w-28"
        >
          <svg
            aria-hidden="true"
            class="!gl-align-baseline gl-fill-current gl-icon gl-text-orange-300 inline-findings-severity-icon s12"
            data-testid="severity-low-icon"
            role="img"
          >
            <use
              href="file-mock#severity-low"
            />
          </svg>
          <span
            class="drawer-heading-severity"
          >
            low
          </span>
          SAST Finding
        </h2>
        <button
          aria-label="Close drawer"
          class="btn btn-default btn-default-tertiary btn-icon btn-sm gl-button gl-drawer-close-button"
          type="button"
        >
          <svg
            aria-hidden="true"
            class="gl-button-icon gl-fill-current gl-icon s16"
            data-testid="close-icon"
            role="img"
          >
            <use
              href="file-mock#close"
            />
          </svg>
        </button>
      </div>
    </div>
    <div
      class="gl-drawer-body gl-drawer-body-scrim"
    >
      <ul
        class="!gl-pb-0 gl-border-b-initial gl-list-none gl-mb-0"
        data-testid="drawer-container"
      >
        <li
          class="gl-mb-4"
          data-testid="findings-drawer-title"
        >
          <p
            class="gl-leading-20"
          >
            <span
              class="gl-block gl-font-bold gl-mb-1"
              data-testid="findings-drawer-item-description"
            >
              Name
            </span>
            <span
              data-testid="findings-drawer-item-value-prop"
            >
              mockedtitle
            </span>
          </p>
        </li>
        <li
          class="gl-mb-4"
        >
          <p
            class="gl-leading-20"
          >
            <span
              class="gl-block gl-font-bold gl-mb-1"
              data-testid="findings-drawer-item-description"
            >
              Status
            </span>
            <span
              class="badge badge-pill badge-warning gl-badge text-capitalize"
            >
              <span
                class="gl-badge-content"
              >
                detected
              </span>
            </span>
          </p>
        </li>
        <li
          class="gl-mb-4"
        >
          <p
            class="gl-leading-20"
          >
            <span
              class="gl-block gl-font-bold gl-mb-1"
              data-testid="findings-drawer-item-description"
            >
              Description
            </span>
            <span
              data-testid="findings-drawer-item-value-prop"
            >
              fakedesc
            </span>
          </p>
        </li>
        <li
          class="gl-mb-4"
        >
          <p
            class="gl-leading-20"
          >
            <span
              class="gl-block gl-font-bold gl-mb-1"
              data-testid="findings-drawer-item-description"
            >
              Project
            </span>
            <a
              class="gl-link"
              href="/testpath"
            >
              testname
            </a>
          </p>
        </li>
        <li
          class="gl-mb-4"
        >
          <p
            class="gl-leading-20"
          >
            <span
              class="gl-block gl-font-bold gl-mb-1"
              data-testid="findings-drawer-item-description"
            >
              File
            </span>
            <span
              data-testid="findings-drawer-item-value-prop"
            />
          </p>
        </li>
        <li
          class="gl-mb-4"
        >
          <p
            class="gl-leading-20"
          >
            <span
              class="gl-block gl-font-bold gl-mb-1"
              data-testid="findings-drawer-item-description"
            >
              Identifiers
            </span>
            <span>
              <a
                class="gl-link"
                href="https://semgrep.dev/r/gitlab.eslint.detect-disable-mustache-escape"
              >
                eslint.detect-disable-mustache-escape
              </a>
            </span>
          </p>
        </li>
        <li
          class="gl-mb-4"
        >
          <p
            class="gl-leading-20"
          >
            <span
              class="gl-block gl-font-bold gl-mb-1"
              data-testid="findings-drawer-item-description"
            >
              Tool
            </span>
            <span
              data-testid="findings-drawer-item-value-prop"
            >
              SAST
            </span>
          </p>
        </li>
        <li
          class="gl-mb-4"
        >
          <p
            class="gl-leading-20"
          >
            <span
              class="gl-block gl-font-bold gl-mb-1"
              data-testid="findings-drawer-item-description"
            >
              Engine
            </span>
            <span
              data-testid="findings-drawer-item-value-prop"
            >
              testengine name
            </span>
          </p>
        </li>
      </ul>
    </div>
  </aside>
</transition-stub>
`;
